// Jest Snapshot v1, https://jestjs.io/docs/snapshot-testing

exports[`this component renders correctly 1`] = `
<DocumentFragment>
  <ul
    class="grid grid-cols-1 sm:grid-cols-2 lg:grid-cols-3 gap-4"
  >
    <li>
      video 1 test
    </li>
    <li>
      video 2 test
    </li>
  </ul>
</DocumentFragment>
`;
